PLINK v1.90p 64-bit (24 Sep 2022)
Options in effect:
  --allow-extra-chr
  --double-id
  --make-bed
  --out marram_pcadapt
  --vcf /mnt/parscratch/users/bi1ecu/snp_calling/marram_rad/marram_rad_all_bams_q20_mindp5_miss0.2_pcadapt2.vcf.gz

Hostname: node081.pri.stanage.alces.network
Working directory: /mnt/parscratch/users/bi1ecu/pop_structure/plink
Start time: Tue Jan 27 14:29:56 2026

Random number seed: 1769524196
257110 MB RAM detected; reserving 128555 MB for main workspace.
--vcf: marram_pcadapt-temporary.bed + marram_pcadapt-temporary.bim +
marram_pcadapt-temporary.fam written.
99076 variants loaded from .bim file.
192 people (0 males, 0 females, 192 ambiguous) loaded from .fam.
Ambiguous sex IDs written to marram_pcadapt.nosex .
Using 1 thread (no multithreaded calculations invoked).
Before main variant filters, 192 founders and 0 nonfounders present.
Calculating allele frequencies... done.
Total genotyping rate is 0.951063.
99076 variants and 192 people pass filters and QC.
Note: No phenotypes present.
--make-bed to marram_pcadapt.bed + marram_pcadapt.bim + marram_pcadapt.fam ...
done.

End time: Tue Jan 27 14:29:59 2026
